  console.log
    [dotenv@17.3.1] injecting env (9) from .env.test -- tip: ΓÜÖ∩╕Å  suppress all logs with { quiet: true }

      at _log (node_modules/dotenv/lib/main.js:139:11)

  console.log
    MySQL Connected

      at log (src/config/database.js:24:13)

  console.log
    Database ready

      at log (src/config/database.js:29:13)

  console.log
    Using todo_test_db ≡ƒÜÇ

      at log (src/config/database.js:32:13)

  console.error
    Signup Error: {
      success: false,
      statusCode: 500,
      message: 'An unexpected error occurred. Please try again later.',
      error: 'unknown format: mpa'
    }

    [0m [90m 40 |[39m         [36mconst[39m res [33m=[39m [36mawait[39m req[33m;[39m
     [90m 41 |[39m
    [31m[1m>[22m[39m[90m 42 |[39m         [36mif[39m (res[33m.[39mstatusCode [33m!==[39m [35m201[39m) console[33m.[39merror([32m"Signup Error:"[39m[33m,[39m res[33m.[39mbody)[33m;[39m
     [90m    |[39m                                             [31m[1m^[22m[39m
     [90m 43 |[39m
     [90m 44 |[39m         expect(res[33m.[39mstatusCode)[33m.[39mtoBe([35m201[39m)[33m;[39m
     [90m 45 |[39m         expect(res[33m.[39mbody)[33m.[39mtoHaveProperty([32m"message"[39m)[33m;[39m[0m

      at Object.error (__tests__/api.test.js:42:45)

node.exe : FAIL __tests__/api.test.js
At C:\nvm4w\nodejs\npx.ps1:16 char:5
+     & "$basedir/node$exe"  "$basedir/node_modules/npm/bin/npx-cli.js" ...
+     ~~~~~~~~~~~~~~~~~~~~~~~~~~~~~~~~~~~~~~~~~~~~~~~~~~~~~~~~~~~~~~~~~
    + CategoryInfo          : NotSpecified: (FAIL __tests__/api.test.js:String) [], RemoteException
    + FullyQualifiedErrorId : NativeCommandError
 
  1 ΓÇö authentication 

    ├ù should sign up a new user successfully (1370 ms)

    Γùï skipped should fail signup if email already exists

    Γùï skipped should login with correct credentials and return JWT

    Γùï skipped should reject login with wrong password

  2 ΓÇö profile

    Γùï skipped should fetch the logged-in user's profile

    Γùï skipped should update user profile successfully

    Γùï skipped should fetch updated profile details

  3 - todo-crud

    Γùï skipped should create a new todo successfully

    Γùï skipped should fail to create a todo without title

    Γùï skipped should fetch all todos for logged-in user

    Γùï skipped should update an existing todo

    Γùï skipped should delete the todo successfully

    Γùï skipped should return 404 when deleting already deleted todo



  ΓùÅ 1 ΓÇö authentication  ΓÇ║ should sign up a new user successfully

    expect(received).toBe(expected) // Object.is equality

    Expected: 201
    Received: 500

    [0m [90m 42 |[39m         [36mif[39m (res[33m.[39mstatusCode [33m!==[39m [35m201[39m) 
console[33m.[39merror([32m"Signup Error:"[39m[33m,[39m res[33m.[39mbody)[33m;[39m
     [90m 43 |[39m
    [31m[1m>[22m[39m[90m 44 |[39m         
expect(res[33m.[39mstatusCode)[33m.[39mtoBe([35m201[39m)[33m;[39m
     [90m    |[39m                                [31m[1m^[22m[39m
     [90m 45 |[39m         expect(res[33m.[39mbody)[33m.[39mtoHaveProperty([32m"message"[39m)[33m;[39m
     [90m 46 |[39m         
expect(res[33m.[39mbody[33m.[39mdata)[33m.[39mtoHaveProperty([32m"email"[39m[33m,[39m userEmail)[33m;[39m
     [90m 47 |[39m     })[33m;[39m[0m

      at Object.toBe (__tests__/api.test.js:44:32)


Test Suites: 1 failed, 1 total
Tests:       1 failed, 12 skipped, 13 total
Snapshots:   0 total
Time:        2.754 s, estimated 4 s
Ran all test suites matching __tests__/api.test.js with tests matching "should sign up a new user successfully".

Jest did not exit one second after the test run has completed.

'This usually means that there are asynchronous operations that weren't stopped in your tests. Consider running Jest 
with `--detectOpenHandles` to troubleshoot this issue.

^C
